Archive member included to satisfy reference by file (symbol)

/usr/lib/gcc/arm-none-eabi/10.3.1/thumb/v6-m/nofp/libgcc.a(_dvmd_tls.o)
                              CMakeFiles/animation.dir/home/fahim/pico/pico-sdk/src/rp2_common/pico_divider/divider.S.obj (__aeabi_idiv0)
/usr/lib/gcc/arm-none-eabi/10.3.1/../../../arm-none-eabi/lib/thumb/v6-m/nofp/libc.a(lib_a-atexit.o)
                              /usr/lib/gcc/arm-none-eabi/10.3.1/../../../arm-none-eabi/lib/thumb/v6-m/nofp/crt0.o (atexit)
/usr/lib/gcc/arm-none-eabi/10.3.1/../../../arm-none-eabi/lib/thumb/v6-m/nofp/libc.a(lib_a-calloc.o)
                              CMakeFiles/animation.dir/home/fahim/pico/pico-sdk/src/rp2_common/pico_malloc/pico_malloc.c.obj (calloc)
/usr/lib/gcc/arm-none-eabi/10.3.1/../../../arm-none-eabi/lib/thumb/v6-m/nofp/libc.a(lib_a-callocr.o)
                              /usr/lib/gcc/arm-none-eabi/10.3.1/../../../arm-none-eabi/lib/thumb/v6-m/nofp/libc.a(lib_a-calloc.o) (_calloc_r)
/usr/lib/gcc/arm-none-eabi/10.3.1/../../../arm-none-eabi/lib/thumb/v6-m/nofp/libc.a(lib_a-fini.o)
                              /usr/lib/gcc/arm-none-eabi/10.3.1/../../../arm-none-eabi/lib/thumb/v6-m/nofp/crt0.o (__libc_fini_array)
/usr/lib/gcc/arm-none-eabi/10.3.1/../../../arm-none-eabi/lib/thumb/v6-m/nofp/libc.a(lib_a-impure.o)
                              /usr/lib/gcc/arm-none-eabi/10.3.1/../../../arm-none-eabi/lib/thumb/v6-m/nofp/libc.a(lib_a-calloc.o) (_impure_ptr)
/usr/lib/gcc/arm-none-eabi/10.3.1/../../../arm-none-eabi/lib/thumb/v6-m/nofp/libc.a(lib_a-init.o)
                              /usr/lib/gcc/arm-none-eabi/10.3.1/../../../arm-none-eabi/lib/thumb/v6-m/nofp/crt0.o (__libc_init_array)
/usr/lib/gcc/arm-none-eabi/10.3.1/../../../arm-none-eabi/lib/thumb/v6-m/nofp/libc.a(lib_a-malloc.o)
                              CMakeFiles/animation.dir/home/fahim/pico/pico-sdk/src/rp2_common/pico_malloc/pico_malloc.c.obj (malloc)
/usr/lib/gcc/arm-none-eabi/10.3.1/../../../arm-none-eabi/lib/thumb/v6-m/nofp/libc.a(lib_a-mallocr.o)
                              /usr/lib/gcc/arm-none-eabi/10.3.1/../../../arm-none-eabi/lib/thumb/v6-m/nofp/libc.a(lib_a-callocr.o) (_malloc_r)
/usr/lib/gcc/arm-none-eabi/10.3.1/../../../arm-none-eabi/lib/thumb/v6-m/nofp/libc.a(lib_a-mlock.o)
                              /usr/lib/gcc/arm-none-eabi/10.3.1/../../../arm-none-eabi/lib/thumb/v6-m/nofp/libc.a(lib_a-mallocr.o) (__malloc_lock)
/usr/lib/gcc/arm-none-eabi/10.3.1/../../../arm-none-eabi/lib/thumb/v6-m/nofp/libc.a(lib_a-realloc.o)
                              CMakeFiles/animation.dir/home/fahim/pico/pico-sdk/src/rp2_common/pico_malloc/pico_malloc.c.obj (realloc)
/usr/lib/gcc/arm-none-eabi/10.3.1/../../../arm-none-eabi/lib/thumb/v6-m/nofp/libc.a(lib_a-reallocr.o)
                              /usr/lib/gcc/arm-none-eabi/10.3.1/../../../arm-none-eabi/lib/thumb/v6-m/nofp/libc.a(lib_a-realloc.o) (_realloc_r)
/usr/lib/gcc/arm-none-eabi/10.3.1/../../../arm-none-eabi/lib/thumb/v6-m/nofp/libc.a(lib_a-sbrkr.o)
                              /usr/lib/gcc/arm-none-eabi/10.3.1/../../../arm-none-eabi/lib/thumb/v6-m/nofp/libc.a(lib_a-mallocr.o) (_sbrk_r)
/usr/lib/gcc/arm-none-eabi/10.3.1/../../../arm-none-eabi/lib/thumb/v6-m/nofp/libc.a(lib_a-strlen-stub.o)
                              CMakeFiles/animation.dir/home/fahim/pico/pico-sdk/src/rp2_common/pico_stdio/stdio.c.obj (strlen)
/usr/lib/gcc/arm-none-eabi/10.3.1/../../../arm-none-eabi/lib/thumb/v6-m/nofp/libc.a(lib_a-__atexit.o)
                              /usr/lib/gcc/arm-none-eabi/10.3.1/../../../arm-none-eabi/lib/thumb/v6-m/nofp/libc.a(lib_a-atexit.o) (__register_exitproc)
/usr/lib/gcc/arm-none-eabi/10.3.1/../../../arm-none-eabi/lib/thumb/v6-m/nofp/libc.a(lib_a-freer.o)
                              /usr/lib/gcc/arm-none-eabi/10.3.1/../../../arm-none-eabi/lib/thumb/v6-m/nofp/libc.a(lib_a-malloc.o) (_free_r)
/usr/lib/gcc/arm-none-eabi/10.3.1/../../../arm-none-eabi/lib/thumb/v6-m/nofp/libc.a(lib_a-memmove.o)
                              /usr/lib/gcc/arm-none-eabi/10.3.1/../../../arm-none-eabi/lib/thumb/v6-m/nofp/libc.a(lib_a-reallocr.o) (memmove)
/usr/lib/gcc/arm-none-eabi/10.3.1/../../../arm-none-eabi/lib/thumb/v6-m/nofp/libc.a(lib_a-reent.o)
                              /usr/lib/gcc/arm-none-eabi/10.3.1/../../../arm-none-eabi/lib/thumb/v6-m/nofp/libc.a(lib_a-sbrkr.o) (errno)

Discarded input sections

 .text          0x0000000000000000        0x0 /usr/lib/gcc/arm-none-eabi/10.3.1/thumb/v6-m/nofp/crti.o
 .data          0x0000000000000000        0x0 /usr/lib/gcc/arm-none-eabi/10.3.1/thumb/v6-m/nofp/crti.o
 .bss           0x0000000000000000        0x0 /usr/lib/gcc/arm-none-eabi/10.3.1/thumb/v6-m/nofp/crti.o
 .data          0x0000000000000000        0x4 /usr/lib/gcc/arm-none-eabi/10.3.1/thumb/v6-m/nofp/crtbegin.o
 .rodata        0x0000000000000000       0x24 /usr/lib/gcc/arm-none-eabi/10.3.1/thumb/v6-m/nofp/crtbegin.o
 .fini_array    0x0000000000000000        0x4 /usr/lib/gcc/arm-none-eabi/10.3.1/thumb/v6-m/nofp/crtbegin.o
[...]
Memory Configuration

Name             Origin             Length             Attributes
FLASH            0x0000000010000000 0x0000000000200000 xr
RAM              0x0000000020000000 0x0000000000040000 xrw
SCRATCH_X        0x0000000020040000 0x0000000000001000 xrw
SCRATCH_Y        0x0000000020041000 0x0000000000001000 xrw
*default*        0x0000000000000000 0xffffffffffffffff

Linker script and memory map

LOAD /usr/lib/gcc/arm-none-eabi/10.3.1/thumb/v6-m/nofp/crti.o
LOAD /usr/lib/gcc/arm-none-eabi/10.3.1/thumb/v6-m/nofp/crtbegin.o
LOAD /usr/lib/gcc/arm-none-eabi/10.3.1/../../../arm-none-eabi/lib/thumb/v6-m/nofp/crt0.o

.flash_begin    0x0000000010000000        0x0
                0x0000000010000000                __flash_binary_start = .

.boot2          0x0000000010000000      0x100
                0x0000000010000000                __boot2_start__ = .
 *(.boot2)
 .boot2         0x0000000010000000      0x100 /tmp/ccm6xYky.o
                0x0000000010000100                __boot2_end__ = .
                0x0000000000000001                ASSERT (((__boot2_end__ - __boot2_start__) == 0x100), ERROR: Pico second stage bootloader must be 256 bytes in size)

.text           0x0000000010000100     0x2f68
                0x0000000010000100                __logical_binary_start = .
 *(.vectors)
 .vectors       0x0000000010000100       0xd4 CMakeFiles/animation.dir/home/fahim/pico/pico-sdk/src/rp2_common/pico_standard_link/crt0.S.obj
                0x0000000010000100                __vectors
                0x0000000010000100                __VECTOR_TABLE
                0x00000000100001c0                isr_invalid
                0x00000000100001c0                __default_isrs_start
                0x00000000100001c2                isr_nmi
                0x00000000100001c4                isr_hardfault
                0x00000000100001c6                isr_svcall
                0x00000000100001c8                isr_pendsv
                0x00000000100001ca                isr_systick
                0x00000000100001cc                isr_irq30
                0x00000000100001cc                __unhandled_user_irq
                0x00000000100001cc                isr_irq13
                0x00000000100001cc                isr_irq27
                0x00000000100001cc                isr_irq31
                0x00000000100001cc                isr_irq5
                0x00000000100001cc                isr_irq11
                0x00000000100001cc                isr_irq23
                0x00000000100001cc                isr_irq18
                0x00000000100001cc                isr_irq28
                0x00000000100001cc                isr_irq19
                0x00000000100001cc                isr_irq0
                0x00000000100001cc                isr_irq6
                0x00000000100001cc                isr_irq22
                0x00000000100001cc                isr_irq17
                0x00000000100001cc                isr_irq14
                0x00000000100001cc                isr_irq2
                0x00000000100001cc                isr_irq10
                0x00000000100001cc                isr_irq8
                0x00000000100001cc                isr_irq24
                0x00000000100001cc                isr_irq1
                0x00000000100001cc                isr_irq7
                0x00000000100001cc                isr_irq21
                0x00000000100001cc                isr_irq20
                0x00000000100001cc                isr_irq15
                0x00000000100001cc                isr_irq25
                0x00000000100001cc                isr_irq4
                0x00000000100001cc                isr_irq16
                0x00000000100001cc                isr_irq29
                0x00000000100001cc                isr_irq26
                0x00000000100001cc                __default_isrs_end
                0x00000000100001cc                isr_irq3
                0x00000000100001cc                isr_irq12
                0x00000000100001cc                isr_irq9
                0x00000000100001d2                unhandled_user_irq_num_in_r0
 *(.binary_info_header)
 .binary_info_header
                0x00000000100001d4       0x14 CMakeFiles/animation.dir/home/fahim/pico/pico-sdk/src/rp2_common/pico_standard_link/crt0.S.obj
                0x00000000100001e8                __binary_info_header_end = .
 *(.reset)
 .reset         0x00000000100001e8       0xa0 CMakeFiles/animation.dir/home/fahim/pico/pico-sdk/src/rp2_common/pico_standard_link/crt0.S.obj
                0x00000000100001e8                _entry_point
 .reset         0x0000000010000288       0x30 CMakeFiles/animation.dir/home/fahim/pico/pico-sdk/src/rp2_common/pico_standard_link/binary_info.c.obj
 *(.init)
 .init          0x00000000100002b8        0x4 /usr/lib/gcc/arm-none-eabi/10.3.1/thumb/v6-m/nofp/crti.o
                0x00000000100002b8                _init
 *(EXCLUDE_FILE(*libm.a: *libc.a:*lib_a-mem*.o *libgcc.a:) .text*)
 .text          0x00000000100002bc       0x98 /usr/lib/gcc/arm-none-eabi/10.3.1/thumb/v6-m/nofp/crtbegin.o
 .text.protothread_sched.constprop.0.isra.0
                0x0000000010000354       0x70 CMakeFiles/animation.dir/animation.c.obj
 .text.protothread_sched1.constprop.0.isra.0
                0x00000000100003c4       0x70 CMakeFiles/animation.dir/animation.c.obj
 .text.core1_main
                0x0000000010000434       0x84 CMakeFiles/animation.dir/animation.c.obj
                0x0000000010000434                core1_main
 .text.protothread_anim1
                0x00000000100004b8      0x1a8 CMakeFiles/animation.dir/animation.c.obj
 .text.protothread_anim
                0x0000000010000660      0x1a8 CMakeFiles/animation.dir/animation.c.obj
 .text.startup.main
                0x0000000010000808       0x98 CMakeFiles/animation.dir/animation.c.obj
                0x0000000010000808                main
 .text.init_VGA
                0x00000000100008a0      0x204 CMakeFiles/animation.dir/vga_graphics.c.obj
                0x00000000100008a0                init_VGA
 .text.drawVLine
                0x0000000010000aa4       0x9c CMakeFiles/animation.dir/vga_graphics.c.obj
                0x0000000010000aa4                drawVLine
 .text.drawHLine
                0x0000000010000b40       0xa8 CMakeFiles/animation.dir/vga_graphics.c.obj
                0x0000000010000b40                drawHLine
 .text.drawRect
                0x0000000010000be8      0x254 CMakeFiles/animation.dir/vga_graphics.c.obj
                0x0000000010000be8                drawRect
 .text.gpio_set_function
                0x0000000010000e3c       0x30 CMakeFiles/animation.dir/home/fahim/pico/pico-sdk/src/rp2_common/hardware_gpio/gpio.c.obj
                0x0000000010000e3c                gpio_set_function
 .text.running_on_fpga
                0x0000000010000e6c       0x10 CMakeFiles/animation.dir/home/fahim/pico/pico-sdk/src/rp2_common/pico_platform/platform.c.obj
                0x0000000010000e6c                running_on_fpga
 .text.hw_claim_lock
                0x0000000010000e7c       0x18 CMakeFiles/animation.dir/home/fahim/pico/pico-sdk/src/rp2_common/hardware_claim/claim.c.obj
                0x0000000010000e7c                hw_claim_lock
 .text.hw_claim_unlock
                0x0000000010000e94       0x14 CMakeFiles/animation.dir/home/fahim/pico/pico-sdk/src/rp2_common/hardware_claim/claim.c.obj
                0x0000000010000e94                hw_claim_unlock
 .text.hw_claim_or_assert
                0x0000000010000ea8       0x44 CMakeFiles/animation.dir/home/fahim/pico/pico-sdk/src/rp2_common/hardware_claim/claim.c.obj
                0x0000000010000ea8                hw_claim_or_assert
 .text.spin_locks_reset
                0x0000000010000eec       0x1c CMakeFiles/animation.dir/home/fahim/pico/pico-sdk/src/rp2_common/hardware_sync/sync.c.obj
                0x0000000010000eec                spin_locks_reset
 .text.next_striped_spin_lock_num
                0x0000000010000f08       0x18 CMakeFiles/animation.dir/home/fahim/pico/pico-sdk/src/rp2_common/hardware_sync/sync.c.obj
                0x0000000010000f08                next_striped_spin_lock_num
 .text.irq_set_enabled
                0x0000000010000f20       0x24 CMakeFiles/animation.dir/home/fahim/pico/pico-sdk/src/rp2_common/hardware_irq/irq.c.obj
                0x0000000010000f20                irq_set_enabled
 .text.irq_is_enabled
                0x0000000010000f44       0x18 CMakeFiles/animation.dir/home/fahim/pico/pico-sdk/src/rp2_common/hardware_irq/irq.c.obj
                0x0000000010000f44                irq_is_enabled
 .text.irq_get_vtable_handler
                0x0000000010000f5c       0x10 CMakeFiles/animation.dir/home/fahim/pico/pico-sdk/src/rp2_common/hardware_irq/irq.c.obj
                0x0000000010000f5c                irq_get_vtable_handler
 .text.irq_set_exclusive_handler
                0x0000000010000f6c       0x54 CMakeFiles/animation.dir/home/fahim/pico/pico-sdk/src/rp2_common/hardware_irq/irq.c.obj
                0x0000000010000f6c                irq_set_exclusive_handler
 .text.irq_remove_handler
                0x0000000010000fc0      0x1b0 CMakeFiles/animation.dir/home/fahim/pico/pico-sdk/src/rp2_common/hardware_irq/irq.c.obj
                0x0000000010000fc0                irq_remove_handler
 .text.irq_add_tail_to_free_list
                0x0000000010001170       0xb4 CMakeFiles/animation.dir/home/fahim/pico/pico-sdk/src/rp2_common/hardware_irq/irq.c.obj
                0x0000000010001170                irq_add_tail_to_free_list
 .text.irq_init_priorities
                0x0000000010001224       0x24 CMakeFiles/animation.dir/home/fahim/pico/pico-sdk/src/rp2_common/hardware_irq/irq.c.obj
                0x0000000010001224                irq_init_priorities
 .text.lock_init
                0x0000000010001248       0x10 CMakeFiles/animation.dir/home/fahim/pico/pico-sdk/src/common/pico_sync/lock_core.c.obj
                0x0000000010001248                lock_init
 .text.mutex_init
                0x0000000010001258       0x1c CMakeFiles/animation.dir/home/fahim/pico/pico-sdk/src/common/pico_sync/mutex.c.obj
                0x0000000010001258                mutex_init
 .text.recursive_mutex_init
                0x0000000010001274       0x1c CMakeFiles/animation.dir/home/fahim/pico/pico-sdk/src/common/pico_sync/mutex.c.obj
                0x0000000010001274                recursive_mutex_init
 .text.timer_pool_entry_comparator
                0x0000000010001290       0x34 CMakeFiles/animation.dir/home/fahim/pico/pico-sdk/src/common/pico_time/time.c.obj
                0x0000000010001290                timer_pool_entry_comparator
 .text.sleep_until_callback
                0x00000000100012c4       0x30 CMakeFiles/animation.dir/home/fahim/pico/pico-sdk/src/common/pico_time/time.c.obj
 .text.add_alarm_under_lock.isra.0
                0x00000000100012f4      0x100 CMakeFiles/animation.dir/home/fahim/pico/pico-sdk/src/common/pico_time/time.c.obj
 .text.alarm_pool_alarm_callback
                0x00000000100013f4      0x1bc CMakeFiles/animation.dir/home/fahim/pico/pico-sdk/src/common/pico_time/time.c.obj
 .text.alarm_pool_init_default
                0x00000000100015b0       0x6c CMakeFiles/animation.dir/home/fahim/pico/pico-sdk/src/common/pico_time/time.c.obj
                0x00000000100015b0                alarm_pool_init_default
 .text.alarm_pool_add_alarm_at
                0x000000001000161c      0x178 CMakeFiles/animation.dir/home/fahim/pico/pico-sdk/src/common/pico_time/time.c.obj
                0x000000001000161c                alarm_pool_add_alarm_at
 .text.best_effort_wfe_or_timeout
                0x0000000010001794       0xd4 CMakeFiles/animation.dir/home/fahim/pico/pico-sdk/src/common/pico_time/time.c.obj
                0x0000000010001794                best_effort_wfe_or_timeout
 .text.hardware_alarm_irq_handler
                0x0000000010001868       0xbc CMakeFiles/animation.dir/home/fahim/pico/pico-sdk/src/rp2_common/hardware_timer/timer.c.obj
 .text.hardware_alarm_claim
                0x0000000010001924       0x18 CMakeFiles/animation.dir/home/fahim/pico/pico-sdk/src/rp2_common/hardware_timer/timer.c.obj
                0x0000000010001924                hardware_alarm_claim
 .text.time_us_64
                0x000000001000193c       0x14 CMakeFiles/animation.dir/home/fahim/pico/pico-sdk/src/rp2_common/hardware_timer/timer.c.obj
                0x000000001000193c                time_us_64
 .text.busy_wait_us
                0x0000000010001950       0x54 CMakeFiles/animation.dir/home/fahim/pico/pico-sdk/src/rp2_common/hardware_timer/timer.c.obj
                0x0000000010001950                busy_wait_us
 .text.hardware_alarm_set_callback
                0x00000000100019a4       0x8c CMakeFiles/animation.dir/home/fahim/pico/pico-sdk/src/rp2_common/hardware_timer/timer.c.obj
                0x00000000100019a4                hardware_alarm_set_callback
 .text.hardware_alarm_set_target
                0x0000000010001a30       0xd4 CMakeFiles/animation.dir/home/fahim/pico/pico-sdk/src/rp2_common/hardware_timer/timer.c.obj
                0x0000000010001a30                hardware_alarm_set_target
 .text.hardware_alarm_cancel
                0x0000000010001b04       0x3c CMakeFiles/animation.dir/home/fahim/pico/pico-sdk/src/rp2_common/hardware_timer/timer.c.obj
                0x0000000010001b04                hardware_alarm_cancel
 .text.ph_merge_nodes
                0x0000000010001b40       0x68 CMakeFiles/animation.dir/home/fahim/pico/pico-sdk/src/common/pico_util/pheap.c.obj
 .text.ph_post_alloc_init
                0x0000000010001ba8       0x3c CMakeFiles/animation.dir/home/fahim/pico/pico-sdk/src/common/pico_util/pheap.c.obj
                0x0000000010001ba8                ph_post_alloc_init
 .text.ph_merge_two_pass
                0x0000000010001be4       0x90 CMakeFiles/animation.dir/home/fahim/pico/pico-sdk/src/common/pico_util/pheap.c.obj
                0x0000000010001be4                ph_merge_two_pass
 .text.ph_remove_any_head
                0x0000000010001c74      0x100 CMakeFiles/animation.dir/home/fahim/pico/pico-sdk/src/common/pico_util/pheap.c.obj
 .text.ph_remove_head
                0x0000000010001d74      0x104 CMakeFiles/animation.dir/home/fahim/pico/pico-sdk/src/common/pico_util/pheap.c.obj
                0x0000000010001d74                ph_remove_head
 .text.ph_remove_and_free_node
                0x0000000010001e78       0x7c CMakeFiles/animation.dir/home/fahim/pico/pico-sdk/src/common/pico_util/pheap.c.obj
                0x0000000010001e78                ph_remove_and_free_node
 .text.uart_init
                0x0000000010001ef4      0x188 CMakeFiles/animation.dir/home/fahim/pico/pico-sdk/src/rp2_common/hardware_uart/uart.c.obj
                0x0000000010001ef4                uart_init
 .text.clocks_init
                0x000000001000207c      0x2d0 CMakeFiles/animation.dir/home/fahim/pico/pico-sdk/src/rp2_common/hardware_clocks/clocks.c.obj
                0x000000001000207c                clocks_init
 .text.clock_get_hz
                0x000000001000234c        0xc CMakeFiles/animation.dir/home/fahim/pico/pico-sdk/src/rp2_common/hardware_clocks/clocks.c.obj
                0x000000001000234c                clock_get_hz
 .text.pll_init
                0x0000000010002358       0xa0 CMakeFiles/animation.dir/home/fahim/pico/pico-sdk/src/rp2_common/hardware_pll/pll.c.obj
                0x0000000010002358                pll_init
 .text.watchdog_start_tick
                0x00000000100023f8       0x10 CMakeFiles/animation.dir/home/fahim/pico/pico-sdk/src/rp2_common/hardware_watchdog/watchdog.c.obj
                0x00000000100023f8                watchdog_start_tick
 .text.xosc_init
                0x0000000010002408       0x28 CMakeFiles/animation.dir/home/fahim/pico/pico-sdk/src/rp2_common/hardware_xosc/xosc.c.obj
                0x0000000010002408                xosc_init
 .text.runtime_init
                0x0000000010002430       0xf0 CMakeFiles/animation.dir/home/fahim/pico/pico-sdk/src/rp2_common/pico_runtime/runtime.c.obj
                0x0000000010002430                runtime_init
 .text._exit    0x0000000010002520        0x4 CMakeFiles/animation.dir/home/fahim/pico/pico-sdk/src/rp2_common/pico_runtime/runtime.c.obj
                0x0000000010002520                _exit
 .text.exit     0x0000000010002524        0x8 CMakeFiles/animation.dir/home/fahim/pico/pico-sdk/src/rp2_common/pico_runtime/runtime.c.obj
                0x0000000010002524                exit
 .text.panic    0x000000001000252c       0x30 CMakeFiles/animation.dir/home/fahim/pico/pico-sdk/src/rp2_common/pico_runtime/runtime.c.obj
                0x000000001000252c                panic
 .text.hard_assertion_failure
                0x000000001000255c        0xc CMakeFiles/animation.dir/home/fahim/pico/pico-sdk/src/rp2_common/pico_runtime/runtime.c.obj
                0x000000001000255c                hard_assertion_failure
 .text._out_char
                0x0000000010002568       0x10 CMakeFiles/animation.dir/home/fahim/pico/pico-sdk/src/rp2_common/pico_printf/printf.c.obj
 .text.weak_raw_vprintf
                0x0000000010002578       0x30 CMakeFiles/animation.dir/home/fahim/pico/pico-sdk/src/rp2_common/pico_printf/printf.c.obj
                0x0000000010002578                weak_raw_vprintf
 .text          0x00000000100025a8       0x10 CMakeFiles/animation.dir/home/fahim/pico/pico-sdk/src/rp2_common/pico_bit_ops/bit_ops_aeabi.S.obj
 .text.rom_func_lookup
                0x00000000100025b8       0x10 CMakeFiles/animation.dir/home/fahim/pico/pico-sdk/src/rp2_common/pico_bootrom/bootrom.c.obj
                0x00000000100025b8                rom_func_lookup
 .text.rom_data_lookup
                0x00000000100025c8       0x10 CMakeFiles/animation.dir/home/fahim/pico/pico-sdk/src/rp2_common/pico_bootrom/bootrom.c.obj
                0x00000000100025c8                rom_data_lookup
 .text.rom_funcs_lookup
                0x00000000100025d8       0x44 CMakeFiles/animation.dir/home/fahim/pico/pico-sdk/src/rp2_common/pico_bootrom/bootrom.c.obj
                0x00000000100025d8                rom_funcs_lookup
 .text.__wrap___aeabi_uidiv
                0x000000001000261c       0x4c CMakeFiles/animation.dir/home/fahim/pico/pico-sdk/src/rp2_common/pico_divider/divider.S.obj
                0x000000001000261c                __wrap___aeabi_uidiv
                0x000000001000261c                __wrap___aeabi_uidivmod
                0x000000001000261c                div_u32u32
                0x000000001000261c                divmod_u32u32
                0x0000000010002624                divmod_u32u32_unsafe
                0x000000001000264c                divmod_u32u32_savestate
 .text.__aeabi_double_init
                0x0000000010002668       0x94 CMakeFiles/animation.dir/home/fahim/pico/pico-sdk/src/rp2_common/pico_double/double_init_rom.c.obj
                0x0000000010002668                __aeabi_double_init
 .text.double_table_shim_on_use_helper
                0x00000000100026fc       0x2c CMakeFiles/animation.dir/home/fahim/pico/pico-sdk/src/rp2_common/pico_double/double_v1_rom_shim.S.obj
                0x00000000100026fc                double_table_shim_on_use_helper
 .text.__aeabi_float_init
                0x0000000010002728       0x64 CMakeFiles/animation.dir/home/fahim/pico/pico-sdk/src/rp2_common/pico_float/float_init_rom.c.obj
                0x0000000010002728                __aeabi_float_init
 .text.float_table_shim_on_use_helper
                0x000000001000278c       0x2c CMakeFiles/animation.dir/home/fahim/pico/pico-sdk/src/rp2_common/pico_float/float_v1_rom_shim.S.obj
                0x000000001000278c                float_table_shim_on_use_helper
 .text          0x00000000100027b8       0x10 CMakeFiles/animation.dir/home/fahim/pico/pico-sdk/src/rp2_common/pico_mem_ops/mem_ops_aeabi.S.obj
                0x00000000100027b8                __aeabi_mem_init
 .text.memcpy   0x00000000100027c8        0xc CMakeFiles/animation.dir/home/fahim/pico/pico-sdk/src/rp2_common/pico_mem_ops/mem_ops_aeabi.S.obj
                0x00000000100027c8                __wrap___aeabi_memcpy
                0x00000000100027c8                __wrap_memcpy
 .text.stdio_out_chars_no_crlf
                0x00000000100027d4       0x10 CMakeFiles/animation.dir/home/fahim/pico/pico-sdk/src/rp2_common/pico_stdio/stdio.c.obj
 .text.stdio_out_chars_crlf
                0x00000000100027e4       0xb4 CMakeFiles/animation.dir/home/fahim/pico/pico-sdk/src/rp2_common/pico_stdio/stdio.c.obj
 .text.stdio_put_string.isra.0
                0x0000000010002898       0xfc CMakeFiles/animation.dir/home/fahim/pico/pico-sdk/src/rp2_common/pico_stdio/stdio.c.obj
 .text.__wrap_putchar
                0x0000000010002994       0x98 CMakeFiles/animation.dir/home/fahim/pico/pico-sdk/src/rp2_common/pico_stdio/stdio.c.obj
                0x0000000010002994                __wrap_putchar
 .text.__wrap_puts
                0x0000000010002a2c       0x3c CMakeFiles/animation.dir/home/fahim/pico/pico-sdk/src/rp2_common/pico_stdio/stdio.c.obj
                0x0000000010002a2c                __wrap_puts
 .text.stdio_set_driver_enabled
                0x0000000010002a68       0x30 CMakeFiles/animation.dir/home/fahim/pico/pico-sdk/src/rp2_common/pico_stdio/stdio.c.obj
                0x0000000010002a68                stdio_set_driver_enabled
 .text.stdio_init_all
                0x0000000010002a98        0xc CMakeFiles/animation.dir/home/fahim/pico/pico-sdk/src/rp2_common/pico_stdio/stdio.c.obj
                0x0000000010002a98                stdio_init_all
 .text.stdio_uart_out_chars
                0x0000000010002aa4       0x4c CMakeFiles/animation.dir/home/fahim/pico/pico-sdk/src/rp2_common/pico_stdio_uart/stdio_uart.c.obj
 .text.stdio_uart_in_chars
                0x0000000010002af0       0x84 CMakeFiles/animation.dir/home/fahim/pico/pico-sdk/src/rp2_common/pico_stdio_uart/stdio_uart.c.obj
                0x0000000010002af0                stdio_uart_in_chars
 .text.on_uart_rx
                0x0000000010002b74       0x28 CMakeFiles/animation.dir/home/fahim/pico/pico-sdk/src/rp2_common/pico_stdio_uart/stdio_uart.c.obj
 .text.stdio_uart_set_chars_available_callback
                0x0000000010002b9c       0x8c CMakeFiles/animation.dir/home/fahim/pico/pico-sdk/src/rp2_common/pico_stdio_uart/stdio_uart.c.obj
 .text.stdio_uart_init
                0x0000000010002c28       0x48 CMakeFiles/animation.dir/home/fahim/pico/pico-sdk/src/rp2_common/pico_stdio_uart/stdio_uart.c.obj
                0x0000000010002c28                stdio_uart_init
 .text.core1_trampoline
                0x0000000010002c70        0x4 CMakeFiles/animation.dir/home/fahim/pico/pico-sdk/src/rp2_common/pico_multicore/multicore.c.obj
 .text.core1_wrapper
                0x0000000010002c74        0xc CMakeFiles/animation.dir/home/fahim/pico/pico-sdk/src/rp2_common/pico_multicore/multicore.c.obj
                0x0000000010002c74                core1_wrapper
 .text.multicore_reset_core1
                0x0000000010002c80       0x24 CMakeFiles/animation.dir/home/fahim/pico/pico-sdk/src/rp2_common/pico_multicore/multicore.c.obj
                0x0000000010002c80                multicore_reset_core1
 .text.multicore_launch_core1_raw
                0x0000000010002ca4       0x84 CMakeFiles/animation.dir/home/fahim/pico/pico-sdk/src/rp2_common/pico_multicore/multicore.c.obj
                0x0000000010002ca4                multicore_launch_core1_raw
 .text.multicore_launch_core1
                0x0000000010002d28       0x4c CMakeFiles/animation.dir/home/fahim/pico/pico-sdk/src/rp2_common/pico_multicore/multicore.c.obj
                0x0000000010002d28                multicore_launch_core1
 .text.startup.boot_double_tap_check
                0x0000000010002d74       0x60 CMakeFiles/animation.dir/home/fahim/pico/pico-sdk/src/rp2_common/pico_bootsel_via_double_reset/pico_bootsel_via_double_reset.c.obj
 .text.pio_add_program
                0x0000000010002dd4       0xc8 CMakeFiles/animation.dir/home/fahim/pico/pico-sdk/src/rp2_common/hardware_pio/pio.c.obj
                0x0000000010002dd4                pio_add_program
 .text.pio_sm_set_consecutive_pindirs
                0x0000000010002e9c       0xb0 CMakeFiles/animation.dir/home/fahim/pico/pico-sdk/src/rp2_common/hardware_pio/pio.c.obj
                0x0000000010002e9c                pio_sm_set_consecutive_pindirs
 .text.pio_sm_init
                0x0000000010002f4c       0x8c CMakeFiles/animation.dir/home/fahim/pico/pico-sdk/src/rp2_common/hardware_pio/pio.c.obj
                0x0000000010002f4c                pio_sm_init
 .text          0x0000000010002fd8       0x5c /usr/lib/gcc/arm-none-eabi/10.3.1/../../../arm-none-eabi/lib/thumb/v6-m/nofp/libc.a(lib_a-strlen-stub.o)
                0x0000000010002fd8                strlen
 *(.fini)
 .fini          0x0000000010003034        0x4 /usr/lib/gcc/arm-none-eabi/10.3.1/thumb/v6-m/nofp/crti.o
                0x0000000010003034                _fini
 .fini.__stub   0x0000000010003038       0x30 linker stubs
 *crtbegin.o(.ctors)
 *crtbegin?.o(.ctors)
 *(EXCLUDE_FILE(*crtend.o *crtend?.o) .ctors)
 *(SORT_BY_NAME(.ctors.*))
 *(.ctors)
 *crtbegin.o(.dtors)
 *crtbegin?.o(.dtors)
 *(EXCLUDE_FILE(*crtend.o *crtend?.o) .dtors)
 *(SORT_BY_NAME(.dtors.*))
 *(.dtors)
 *(.eh_frame*)
 .eh_frame      0x0000000010003068        0x0 /usr/lib/gcc/arm-none-eabi/10.3.1/thumb/v6-m/nofp/crtbegin.o
                0x0000000010003068                . = ALIGN (0x4)

.glue_7         0x0000000010003068        0x0
 .glue_7        0x0000000010003068        0x0 linker stubs

.glue_7t        0x0000000010003068        0x0
 .glue_7t       0x0000000010003068        0x0 linker stubs

.vfp11_veneer   0x0000000010003068        0x0
 .vfp11_veneer  0x0000000010003068        0x0 linker stubs

.v4_bx          0x0000000010003068        0x0
 .v4_bx         0x0000000010003068        0x0 linker stubs

.iplt           0x0000000010003068        0x0
 .iplt          0x0000000010003068        0x0 /usr/lib/gcc/arm-none-eabi/10.3.1/thumb/v6-m/nofp/crtbegin.o

.rodata         0x0000000010003068      0x180
 *(EXCLUDE_FILE(*libm.a: *libc.a:*lib_a-mem*.o *libgcc.a:) .rodata*)
 .rodata.hsync_program
                0x0000000010003068        0x6 CMakeFiles/animation.dir/vga_graphics.c.obj
 *fill*         0x000000001000306e        0x2 
 .rodata.hsync_program_instructions
                0x0000000010003070       0x12 CMakeFiles/animation.dir/vga_graphics.c.obj
 *fill*         0x0000000010003082        0x2 
 .rodata.rgb_program
                0x0000000010003084        0x6 CMakeFiles/animation.dir/vga_graphics.c.obj
 *fill*         0x000000001000308a        0x2 
 .rodata.rgb_program_instructions
                0x000000001000308c       0x12 CMakeFiles/animation.dir/vga_graphics.c.obj
 *fill*         0x000000001000309e        0x2 
 .rodata.vsync_program
                0x00000000100030a0        0x6 CMakeFiles/animation.dir/vga_graphics.c.obj
 *fill*         0x00000000100030a6        0x2 
 .rodata.vsync_program_instructions
                0x00000000100030a8       0x1c CMakeFiles/animation.dir/vga_graphics.c.obj
 .rodata.hardware_alarm_claim.str1.4
                0x00000000100030c4       0x22 CMakeFiles/animation.dir/home/fahim/pico/pico-sdk/src/rp2_common/hardware_timer/timer.c.obj
 *fill*         0x00000000100030e6        0x2 
 .rodata.panic.str1.4
                0x00000000100030e8       0x12 CMakeFiles/animation.dir/home/fahim/pico/pico-sdk/src/rp2_common/pico_runtime/runtime.c.obj
 *fill*         0x00000000100030fa        0x2 
 .rodata.hard_assertion_failure.str1.4
                0x00000000100030fc        0xc CMakeFiles/animation.dir/home/fahim/pico/pico-sdk/src/rp2_common/pico_runtime/runtime.c.obj
 .rodata.str1.4
                0x0000000010003108       0x40 CMakeFiles/animation.dir/home/fahim/pico/pico-sdk/src/rp2_common/pico_standard_link/binary_info.c.obj
 .rodata.__bi_44
                0x0000000010003148        0xc CMakeFiles/animation.dir/home/fahim/pico/pico-sdk/src/rp2_common/pico_standard_link/binary_info.c.obj
 .rodata.__bi_75
                0x0000000010003154        0xc CMakeFiles/animation.dir/home/fahim/pico/pico-sdk/src/rp2_common/pico_standard_link/binary_info.c.obj
 .rodata.__bi_81
                0x0000000010003160        0xc CMakeFiles/animation.dir/home/fahim/pico/pico-sdk/src/rp2_common/pico_standard_link/binary_info.c.obj
 .rodata.crlf_str.0
                0x000000001000316c        0x2 CMakeFiles/animation.dir/home/fahim/pico/pico-sdk/src/rp2_common/pico_stdio/stdio.c.obj
 *fill*         0x000000001000316e        0x2 
 .rodata.str1.4
                0x0000000010003170       0x2c CMakeFiles/animation.dir/home/fahim/pico/pico-sdk/src/rp2_common/pico_stdio_uart/stdio_uart.c.obj
 .rodata.__bi_33.4
                0x000000001000319c        0xc CMakeFiles/animation.dir/home/fahim/pico/pico-sdk/src/rp2_common/pico_stdio_uart/stdio_uart.c.obj
 .rodata.__bi_34.5
                0x00000000100031a8        0x8 CMakeFiles/animation.dir/home/fahim/pico/pico-sdk/src/rp2_common/pico_stdio_uart/stdio_uart.c.obj
 .rodata.str1.4
                0x00000000100031b0       0x18 CMakeFiles/animation.dir/home/fahim/pico/pico-sdk/src/rp2_common/pico_bootsel_via_double_reset/pico_bootsel_via_double_reset.c.obj
 .rodata.__bi_35
                0x00000000100031c8        0xc CMakeFiles/animation.dir/home/fahim/pico/pico-sdk/src/rp2_common/pico_bootsel_via_double_reset/pico_bootsel_via_double_reset.c.obj
 .rodata.pio_add_program.str1.4
                0x00000000100031d4       0x11 CMakeFiles/animation.dir/home/fahim/pico/pico-sdk/src/rp2_common/hardware_pio/pio.c.obj
                0x00000000100031e8                . = ALIGN (0x4)
 *fill*         0x00000000100031e5        0x3 
 *(SORT_BY_ALIGNMENT(SORT_BY_NAME(.flashdata*)))
                0x00000000100031e8                . = ALIGN (0x4)

.ARM.extab
 *(.ARM.extab* .gnu.linkonce.armextab.*)
                0x00000000100031e8                __exidx_start = .

.ARM.exidx
 *(.ARM.exidx* .gnu.linkonce.armexidx.*)
                0x00000000100031e8                __exidx_end = .
                0x00000000100031e8                . = ALIGN (0x4)
                0x00000000100031e8                __binary_info_start = .

.binary_info    0x00000000100031e8       0x28
 *(.binary_info.keep.*)
 .binary_info.keep.__bi_ptr22
                0x00000000100031e8        0x4 CMakeFiles/animation.dir/home/fahim/pico/pico-sdk/src/rp2_common/pico_standard_link/binary_info.c.obj
 .binary_info.keep.__bi_ptr30
                0x00000000100031ec        0x4 CMakeFiles/animation.dir/home/fahim/pico/pico-sdk/src/rp2_common/pico_standard_link/binary_info.c.obj
 .binary_info.keep.__bi_ptr38
                0x00000000100031f0        0x4 CMakeFiles/animation.dir/home/fahim/pico/pico-sdk/src/rp2_common/pico_standard_link/binary_info.c.obj
 .binary_info.keep.__bi_ptr44
                0x00000000100031f4        0x4 CMakeFiles/animation.dir/home/fahim/pico/pico-sdk/src/rp2_common/pico_standard_link/binary_info.c.obj
 .binary_info.keep.__bi_ptr50
                0x00000000100031f8        0x4 CMakeFiles/animation.dir/home/fahim/pico/pico-sdk/src/rp2_common/pico_standard_link/binary_info.c.obj
 .binary_info.keep.__bi_ptr75
                0x00000000100031fc        0x4 CMakeFiles/animation.dir/home/fahim/pico/pico-sdk/src/rp2_common/pico_standard_link/binary_info.c.obj
 .binary_info.keep.__bi_ptr81
                0x0000000010003200        0x4 CMakeFiles/animation.dir/home/fahim/pico/pico-sdk/src/rp2_common/pico_standard_link/binary_info.c.obj
 .binary_info.keep.__bi_ptr35
                0x0000000010003204        0x4 CMakeFiles/animation.dir/home/fahim/pico/pico-sdk/src/rp2_common/pico_bootsel_via_double_reset/pico_bootsel_via_double_reset.c.obj
 *(.binary_info.*)
 .binary_info.__bi_ptr33
                0x0000000010003208        0x4 CMakeFiles/animation.dir/home/fahim/pico/pico-sdk/src/rp2_common/pico_stdio_uart/stdio_uart.c.obj
 .binary_info.__bi_ptr34
                0x000000001000320c        0x4 CMakeFiles/animation.dir/home/fahim/pico/pico-sdk/src/rp2_common/pico_stdio_uart/stdio_uart.c.obj
                0x0000000010003210                __binary_info_end = .

.rel.dyn        0x0000000010003210        0x0
 .rel.iplt      0x0000000010003210        0x0 /usr/lib/gcc/arm-none-eabi/10.3.1/thumb/v6-m/nofp/crtbegin.o
                0x0000000010003210                . = ALIGN (0x4)

.ram_vector_table
                0x0000000020000000       0xc0
 *(.ram_vector_table)
 .ram_vector_table
                0x0000000020000000       0xc0 CMakeFiles/animation.dir/home/fahim/pico/pico-sdk/src/rp2_common/pico_runtime/runtime.c.obj
                0x0000000020000000                ram_vector_table

.data           0x00000000200000c0      0x1b0 load address 0x0000000010003210
                0x00000000200000c0                __data_start__ = .
 *(vtable)
 *(.time_critical*)
 .time_critical.mutex_try_enter_block_until
                0x00000000200000c0       0x9c CMakeFiles/animation.dir/home/fahim/pico/pico-sdk/src/common/pico_sync/mutex.c.obj
                0x00000000200000c0                mutex_try_enter_block_until
 .time_critical.mutex_exit
                0x000000002000015c       0x28 CMakeFiles/animation.dir/home/fahim/pico/pico-sdk/src/common/pico_sync/mutex.c.obj
                0x000000002000015c                mutex_exit
 *(.text*)
 .text          0x0000000020000184        0x4 /usr/lib/gcc/arm-none-eabi/10.3.1/thumb/v6-m/nofp/libgcc.a(_dvmd_tls.o)
                0x0000000020000184                __aeabi_ldiv0
                0x0000000020000184                __aeabi_idiv0
 .text.__stub   0x0000000020000188       0x10 linker stubs
                0x0000000020000198                . = ALIGN (0x4)
 *(.rodata*)
                0x0000000020000198                . = ALIGN (0x4)
 *(.data*)
 .data.address_pointer
                0x0000000020000198        0x4 CMakeFiles/animation.dir/vga_graphics.c.obj
                0x0000000020000198                address_pointer
 .data.striped_spin_lock_num
                0x000000002000019c        0x1 CMakeFiles/animation.dir/home/fahim/pico/pico-sdk/src/rp2_common/hardware_sync/sync.c.obj
 *fill*         0x000000002000019d        0x3 
 .data          0x00000000200001a0       0x48 CMakeFiles/animation.dir/home/fahim/pico/pico-sdk/src/rp2_common/hardware_irq/irq_handler_chain.S.obj
                0x00000000200001a0                irq_handler_chain_slots
                0x00000000200001d0                irq_handler_chain_first_slot
                0x00000000200001da                irq_handler_chain_remove_tail
 .data.default_alarm_pool
                0x00000000200001e8       0x18 CMakeFiles/animation.dir/home/fahim/pico/pico-sdk/src/common/pico_time/time.c.obj
 .data.default_alarm_pool_heap
                0x0000000020000200       0x10 CMakeFiles/animation.dir/home/fahim/pico/pico-sdk/src/common/pico_time/time.c.obj
 .data.aeabi_bits_funcs
                0x0000000020000210       0x10 CMakeFiles/animation.dir/home/fahim/pico/pico-sdk/src/rp2_common/pico_bit_ops/bit_ops_aeabi.S.obj
                0x0000000020000210                aeabi_bits_funcs
                0x0000000020000220                aeabi_bits_funcs_end
 .data.aeabi_mem_funcs
                0x0000000020000220       0x10 CMakeFiles/animation.dir/home/fahim/pico/pico-sdk/src/rp2_common/pico_mem_ops/mem_ops_aeabi.S.obj
                0x0000000020000220                aeabi_mem_funcs
                0x0000000020000230                aeabi_mem_funcs_end
 .data.stdio_uart
                0x0000000020000230       0x18 CMakeFiles/animation.dir/home/fahim/pico/pico-sdk/src/rp2_common/pico_stdio_uart/stdio_uart.c.obj
                0x0000000020000230                stdio_uart
                0x0000000020000248                . = ALIGN (0x4)
 *(.after_data.*)
                0x0000000020000248                . = ALIGN (0x4)
                0x0000000020000248                PROVIDE (__mutex_array_start = .)
 *(SORT_BY_NAME(.mutex_array.*))
 *(.mutex_array)
 .mutex_array   0x0000000020000248        0x8 CMakeFiles/animation.dir/home/fahim/pico/pico-sdk/src/rp2_common/pico_malloc/pico_malloc.c.obj
 .mutex_array   0x0000000020000250        0x8 CMakeFiles/animation.dir/home/fahim/pico/pico-sdk/src/rp2_common/pico_stdio/stdio.c.obj
                0x0000000020000258                PROVIDE (__mutex_array_end = .)
                0x0000000020000258                . = ALIGN (0x4)
                0x0000000020000258                PROVIDE (__preinit_array_start = .)
 *(SORT_BY_NAME(.preinit_array.*))
 .preinit_array.00001
                0x0000000020000258        0x4 CMakeFiles/animation.dir/home/fahim/pico/pico-sdk/src/rp2_common/pico_mem_ops/mem_ops_aeabi.S.obj
 .preinit_array.00010
                0x000000002000025c        0x4 CMakeFiles/animation.dir/home/fahim/pico/pico-sdk/src/rp2_common/pico_bit_ops/bit_ops_aeabi.S.obj
 .preinit_array.00020
                0x0000000020000260        0x4 CMakeFiles/animation.dir/home/fahim/pico/pico-sdk/src/rp2_common/pico_double/double_aeabi.S.obj
 .preinit_array.00020
                0x0000000020000264        0x4 CMakeFiles/animation.dir/home/fahim/pico/pico-sdk/src/rp2_common/pico_float/float_aeabi.S.obj
 *(.preinit_array)
                0x0000000020000268                PROVIDE (__preinit_array_end = .)
                0x0000000020000268                . = ALIGN (0x4)
                0x0000000020000268                PROVIDE (__init_array_start = .)
 *(SORT_BY_NAME(.init_array.*))
 *(.init_array)
 .init_array    0x0000000020000268        0x4 /usr/lib/gcc/arm-none-eabi/10.3.1/thumb/v6-m/nofp/crtbegin.o
 .init_array    0x000000002000026c        0x4 CMakeFiles/animation.dir/home/fahim/pico/pico-sdk/src/rp2_common/pico_bootsel_via_double_reset/pico_bootsel_via_double_reset.c.obj
                0x0000000020000270                PROVIDE (__init_array_end = .)
                0x0000000020000270                . = ALIGN (0x4)
                0x0000000020000270                PROVIDE (__fini_array_start = .)
 *(SORT_BY_NAME(.fini_array.*))
 *(.fini_array)
                0x0000000020000270                PROVIDE (__fini_array_end = .)
 *(.jcr)
                0x0000000020000270                . = ALIGN (0x4)
                0x0000000020000270                __data_end__ = .
                0x0000000010003210                __etext = LOADADDR (.data)

.tm_clone_table
                0x0000000020000270        0x0 load address 0x00000000100033c0
 .tm_clone_table
                0x0000000020000270        0x0 /usr/lib/gcc/arm-none-eabi/10.3.1/thumb/v6-m/nofp/crtbegin.o
 .tm_clone_table
                0x0000000020000270        0x0 /usr/lib/gcc/arm-none-eabi/10.3.1/thumb/v6-m/nofp/crtend.o

.igot.plt       0x0000000020000270        0x0 load address 0x00000000100033c0
 .igot.plt      0x0000000020000270        0x0 /usr/lib/gcc/arm-none-eabi/10.3.1/thumb/v6-m/nofp/crtbegin.o

.uninitialized_data
                0x0000000020000270        0xc load address 0x00000000100033c0
                0x0000000020000270                . = ALIGN (0x4)
 *(.uninitialized_data*)
 .uninitialized_data.magic_location
                0x0000000020000270        0xc CMakeFiles/animation.dir/home/fahim/pico/pico-sdk/src/rp2_common/pico_bootsel_via_double_reset/pico_bootsel_via_double_reset.c.obj

.scratch_x      0x0000000020040000        0x0 load address 0x00000000100033c0
                0x0000000020040000                __scratch_x_start__ = .
 *(.scratch_x.*)
                0x0000000020040000                . = ALIGN (0x4)
                0x0000000020040000                __scratch_x_end__ = .
                0x00000000100033c0                __scratch_x_source__ = LOADADDR (.scratch_x)

.scratch_y      0x0000000020041000        0x0 load address 0x00000000100033c0
                0x0000000020041000                __scratch_y_start__ = .
 *(.scratch_y.*)
                0x0000000020041000                . = ALIGN (0x4)
                0x0000000020041000                __scratch_y_end__ = .
                0x00000000100033c0                __scratch_y_source__ = LOADADDR (.scratch_y)

.bss            0x0000000020000280    0x25d20
                0x0000000020000280                . = ALIGN (0x4)
                0x0000000020000280                __bss_start__ = .
 *(SORT_BY_ALIGNMENT(SORT_BY_NAME(.bss*)))
 .bss.default_alarm_pool_entries
                0x0000000020000280      0x100 CMakeFiles/animation.dir/home/fahim/pico/pico-sdk/src/common/pico_time/time.c.obj
 .bss.sd_table  0x0000000020000380      0x100 CMakeFiles/animation.dir/home/fahim/pico/pico-sdk/src/rp2_common/pico_double/double_init_rom.c.obj
                0x0000000020000380                sd_table
 .bss.sf_table  0x0000000020000480      0x100 CMakeFiles/animation.dir/home/fahim/pico/pico-sdk/src/rp2_common/pico_float/float_init_rom.c.obj
                0x0000000020000480                sf_table
 .bss           0x0000000020000580       0x1c /usr/lib/gcc/arm-none-eabi/10.3.1/thumb/v6-m/nofp/crtbegin.o
 .bss._used_instruction_space
                0x000000002000059c        0x8 CMakeFiles/animation.dir/home/fahim/pico/pico-sdk/src/rp2_common/hardware_pio/pio.c.obj
 .bss.alarm_callbacks
                0x00000000200005a4       0x10 CMakeFiles/animation.dir/home/fahim/pico/pico-sdk/src/rp2_common/hardware_timer/timer.c.obj
 .bss.begin_time.2
                0x00000000200005b4        0x4 CMakeFiles/animation.dir/animation.c.obj
 .bss.begin_time.7
                0x00000000200005b8        0x4 CMakeFiles/animation.dir/animation.c.obj
 .bss.boid0_vx  0x00000000200005bc        0x4 CMakeFiles/animation.dir/animation.c.obj
                0x00000000200005bc                boid0_vx
 .bss.boid0_vy  0x00000000200005c0        0x4 CMakeFiles/animation.dir/animation.c.obj
                0x00000000200005c0                boid0_vy
 .bss.boid0_x   0x00000000200005c4        0x4 CMakeFiles/animation.dir/animation.c.obj
                0x00000000200005c4                boid0_x
 .bss.boid0_y   0x00000000200005c8        0x4 CMakeFiles/animation.dir/animation.c.obj
                0x00000000200005c8                boid0_y
 .bss.boid1_vx  0x00000000200005cc        0x4 CMakeFiles/animation.dir/animation.c.obj
                0x00000000200005cc                boid1_vx
 .bss.boid1_vy  0x00000000200005d0        0x4 CMakeFiles/animation.dir/animation.c.obj
                0x00000000200005d0                boid1_vy
 .bss.boid1_x   0x00000000200005d4        0x4 CMakeFiles/animation.dir/animation.c.obj
                0x00000000200005d4                boid1_x
 .bss.boid1_y   0x00000000200005d8        0x4 CMakeFiles/animation.dir/animation.c.obj
                0x00000000200005d8                boid1_y
 .bss.chars_available_callback
                0x00000000200005dc        0x4 CMakeFiles/animation.dir/home/fahim/pico/pico-sdk/src/rp2_common/pico_stdio_uart/stdio_uart.c.obj
 .bss.chars_available_param
                0x00000000200005e0        0x4 CMakeFiles/animation.dir/home/fahim/pico/pico-sdk/src/rp2_common/pico_stdio_uart/stdio_uart.c.obj
 .bss.configured_freq
                0x00000000200005e4       0x28 CMakeFiles/animation.dir/home/fahim/pico/pico-sdk/src/rp2_common/hardware_clocks/clocks.c.obj
 .bss.default_alarm_pool_entry_ids_high
                0x000000002000060c       0x10 CMakeFiles/animation.dir/home/fahim/pico/pico-sdk/src/common/pico_time/time.c.obj
 .bss.default_alarm_pool_heap_nodes
                0x000000002000061c       0x30 CMakeFiles/animation.dir/home/fahim/pico/pico-sdk/src/common/pico_time/time.c.obj
 .bss.drivers   0x000000002000064c        0x4 CMakeFiles/animation.dir/home/fahim/pico/pico-sdk/src/rp2_common/pico_stdio/stdio.c.obj
 .bss.filter    0x0000000020000650        0x4 CMakeFiles/animation.dir/home/fahim/pico/pico-sdk/src/rp2_common/pico_stdio/stdio.c.obj
 .bss.i.3       0x0000000020000654        0x4 CMakeFiles/animation.dir/animation.c.obj
 .bss.i.4       0x0000000020000658        0x4 CMakeFiles/animation.dir/animation.c.obj
 .bss.lazy_vsnprintf
                0x000000002000065c        0x4 CMakeFiles/animation.dir/home/fahim/pico/pico-sdk/src/rp2_common/pico_printf/printf.c.obj
 .bss.pools     0x0000000020000660       0x10 CMakeFiles/animation.dir/home/fahim/pico/pico-sdk/src/common/pico_time/time.c.obj
 .bss.pt_sched  0x0000000020000670        0x4 CMakeFiles/animation.dir/animation.c.obj
 .bss.pt_sched1
                0x0000000020000674        0x4 CMakeFiles/animation.dir/animation.c.obj
 .bss.pt_sched_method
                0x0000000020000678        0x4 CMakeFiles/animation.dir/animation.c.obj
                0x0000000020000678                pt_sched_method
 .bss.pt_task_count
                0x000000002000067c        0x4 CMakeFiles/animation.dir/animation.c.obj
                0x000000002000067c                pt_task_count
 .bss.pt_task_count1
                0x0000000020000680        0x4 CMakeFiles/animation.dir/animation.c.obj
                0x0000000020000680                pt_task_count1
 .bss.pt_thread_list
                0x0000000020000684       0x78 CMakeFiles/animation.dir/animation.c.obj
 .bss.pt_thread_list1
                0x00000000200006fc       0x78 CMakeFiles/animation.dir/animation.c.obj
 .bss.sf_clz_func
                0x0000000020000774        0x4 CMakeFiles/animation.dir/home/fahim/pico/pico-sdk/src/rp2_common/pico_double/double_init_rom.c.obj
                0x0000000020000774                sf_clz_func
 .bss.sleep_notifier
                0x0000000020000778        0x4 CMakeFiles/animation.dir/home/fahim/pico/pico-sdk/src/common/pico_time/time.c.obj
 .bss.target_hi
                0x000000002000077c       0x10 CMakeFiles/animation.dir/home/fahim/pico/pico-sdk/src/rp2_common/hardware_timer/timer.c.obj
 .bss.time_thread.0
                0x000000002000078c        0x4 CMakeFiles/animation.dir/animation.c.obj
 .bss.time_thread.5
                0x0000000020000790        0x4 CMakeFiles/animation.dir/animation.c.obj
 .bss.uart_char_to_line_feed
                0x0000000020000794        0x4 CMakeFiles/animation.dir/home/fahim/pico/pico-sdk/src/rp2_common/hardware_uart/uart.c.obj
                0x0000000020000794                uart_char_to_line_feed
 .bss.uart_instance
                0x0000000020000798        0x4 CMakeFiles/animation.dir/home/fahim/pico/pico-sdk/src/rp2_common/pico_stdio_uart/stdio_uart.c.obj
 .bss.vga_data_array
                0x000000002000079c    0x25800 CMakeFiles/animation.dir/vga_graphics.c.obj
                0x000000002000079c                vga_data_array
 .bss.claimed   0x0000000020025f9c        0x1 CMakeFiles/animation.dir/home/fahim/pico/pico-sdk/src/rp2_common/hardware_timer/timer.c.obj
 .bss.irq_hander_chain_free_slot_head
                0x0000000020025f9d        0x1 CMakeFiles/animation.dir/home/fahim/pico/pico-sdk/src/rp2_common/hardware_irq/irq.c.obj
 .bss.timer_callbacks_pending
                0x0000000020025f9e        0x1 CMakeFiles/animation.dir/home/fahim/pico/pico-sdk/src/rp2_common/hardware_timer/timer.c.obj
 *(COMMON)
                0x0000000020025fa0                . = ALIGN (0x4)
 *fill*         0x0000000020025f9f        0x1 
                0x0000000020025fa0                __bss_end__ = .

.heap           0x0000000020025fa0      0x800
                0x0000000020025fa0                __end__ = .
                0x0000000020025fa0                end = __end__
 *(.heap*)
 .heap          0x0000000020025fa0      0x800 CMakeFiles/animation.dir/home/fahim/pico/pico-sdk/src/rp2_common/pico_standard_link/crt0.S.obj
                0x00000000200267a0                __HeapLimit = .

.stack1_dummy   0x0000000020040000      0x800
 *(.stack1*)
 .stack1        0x0000000020040000      0x800 CMakeFiles/animation.dir/home/fahim/pico/pico-sdk/src/rp2_common/pico_multicore/multicore.c.obj

.stack_dummy    0x0000000020041000      0x800
 *(.stack*)
 .stack         0x0000000020041000      0x800 CMakeFiles/animation.dir/home/fahim/pico/pico-sdk/src/rp2_common/pico_standard_link/crt0.S.obj

.flash_end      0x00000000100033c0        0x0
                0x00000000100033c0                PROVIDE (__flash_binary_end = .)
                0x0000000020040000                __StackLimit = (ORIGIN (RAM) + LENGTH (RAM))
                0x0000000020041000                __StackOneTop = (ORIGIN (SCRATCH_X) + LENGTH (SCRATCH_X))
                0x0000000020042000                __StackTop = (ORIGIN (SCRATCH_Y) + LENGTH (SCRATCH_Y))
                0x0000000020040800                __StackOneBottom = (__StackOneTop - SIZEOF (.stack1_dummy))
                0x0000000020041800                __StackBottom = (__StackTop - SIZEOF (.stack_dummy))
                0x0000000020042000                PROVIDE (__stack = __StackTop)
                0x0000000000000001                ASSERT ((__StackLimit >= __HeapLimit), region RAM overflowed)
                0x0000000000000001                ASSERT (((__binary_info_header_end - __logical_binary_start) <= 0x100), Binary info must be in first 256 bytes of the binary)
LOAD CMakeFiles/animation.dir/animation.c.obj
LOAD CMakeFiles/animation.dir/vga_graphics.c.obj
LOAD CMakeFiles/animation.dir/home/fahim/pico/pico-sdk/src/rp2_common/pico_stdlib/stdlib.c.obj
LOAD CMakeFiles/animation.dir/home/fahim/pico/pico-sdk/src/rp2_common/hardware_gpio/gpio.c.obj
LOAD CMakeFiles/animation.dir/home/fahim/pico/pico-sdk/src/rp2_common/pico_platform/platform.c.obj
LOAD CMakeFiles/animation.dir/home/fahim/pico/pico-sdk/src/rp2_common/hardware_claim/claim.c.obj
LOAD CMakeFiles/animation.dir/home/fahim/pico/pico-sdk/src/rp2_common/hardware_sync/sync.c.obj
LOAD CMakeFiles/animation.dir/home/fahim/pico/pico-sdk/src/rp2_common/hardware_irq/irq.c.obj
LOAD CMakeFiles/animation.dir/home/fahim/pico/pico-sdk/src/rp2_common/hardware_irq/irq_handler_chain.S.obj
LOAD CMakeFiles/animation.dir/home/fahim/pico/pico-sdk/src/common/pico_sync/sem.c.obj
LOAD CMakeFiles/animation.dir/home/fahim/pico/pico-sdk/src/common/pico_sync/lock_core.c.obj
LOAD CMakeFiles/animation.dir/home/fahim/pico/pico-sdk/src/common/pico_sync/mutex.c.obj
LOAD CMakeFiles/animation.dir/home/fahim/pico/pico-sdk/src/common/pico_sync/critical_section.c.obj
LOAD CMakeFiles/animation.dir/home/fahim/pico/pico-sdk/src/common/pico_time/time.c.obj
LOAD CMakeFiles/animation.dir/home/fahim/pico/pico-sdk/src/common/pico_time/timeout_helper.c.obj
LOAD CMakeFiles/animation.dir/home/fahim/pico/pico-sdk/src/rp2_common/hardware_timer/timer.c.obj
LOAD CMakeFiles/animation.dir/home/fahim/pico/pico-sdk/src/common/pico_util/datetime.c.obj
LOAD CMakeFiles/animation.dir/home/fahim/pico/pico-sdk/src/common/pico_util/pheap.c.obj
LOAD CMakeFiles/animation.dir/home/fahim/pico/pico-sdk/src/common/pico_util/queue.c.obj
LOAD CMakeFiles/animation.dir/home/fahim/pico/pico-sdk/src/rp2_common/hardware_uart/uart.c.obj
LOAD CMakeFiles/animation.dir/home/fahim/pico/pico-sdk/src/rp2_common/hardware_clocks/clocks.c.obj
LOAD CMakeFiles/animation.dir/home/fahim/pico/pico-sdk/src/rp2_common/hardware_pll/pll.c.obj
LOAD CMakeFiles/animation.dir/home/fahim/pico/pico-sdk/src/rp2_common/hardware_vreg/vreg.c.obj
LOAD CMakeFiles/animation.dir/home/fahim/pico/pico-sdk/src/rp2_common/hardware_watchdog/watchdog.c.obj
LOAD CMakeFiles/animation.dir/home/fahim/pico/pico-sdk/src/rp2_common/hardware_xosc/xosc.c.obj
LOAD CMakeFiles/animation.dir/home/fahim/pico/pico-sdk/src/rp2_common/hardware_divider/divider.S.obj
LOAD CMakeFiles/animation.dir/home/fahim/pico/pico-sdk/src/rp2_common/pico_runtime/runtime.c.obj
LOAD CMakeFiles/animation.dir/home/fahim/pico/pico-sdk/src/rp2_common/pico_printf/printf.c.obj
LOAD CMakeFiles/animation.dir/home/fahim/pico/pico-sdk/src/rp2_common/pico_bit_ops/bit_ops_aeabi.S.obj
LOAD CMakeFiles/animation.dir/home/fahim/pico/pico-sdk/src/rp2_common/pico_bootrom/bootrom.c.obj
LOAD CMakeFiles/animation.dir/home/fahim/pico/pico-sdk/src/rp2_common/pico_divider/divider.S.obj
LOAD CMakeFiles/animation.dir/home/fahim/pico/pico-sdk/src/rp2_common/pico_double/double_aeabi.S.obj
LOAD CMakeFiles/animation.dir/home/fahim/pico/pico-sdk/src/rp2_common/pico_double/double_init_rom.c.obj
LOAD CMakeFiles/animation.dir/home/fahim/pico/pico-sdk/src/rp2_common/pico_double/double_math.c.obj
LOAD CMakeFiles/animation.dir/home/fahim/pico/pico-sdk/src/rp2_common/pico_double/double_v1_rom_shim.S.obj
LOAD CMakeFiles/animation.dir/home/fahim/pico/pico-sdk/src/rp2_common/pico_int64_ops/pico_int64_ops_aeabi.S.obj
LOAD CMakeFiles/animation.dir/home/fahim/pico/pico-sdk/src/rp2_common/pico_float/float_aeabi.S.obj
LOAD CMakeFiles/animation.dir/home/fahim/pico/pico-sdk/src/rp2_common/pico_float/float_init_rom.c.obj
LOAD CMakeFiles/animation.dir/home/fahim/pico/pico-sdk/src/rp2_common/pico_float/float_math.c.obj
LOAD CMakeFiles/animation.dir/home/fahim/pico/pico-sdk/src/rp2_common/pico_float/float_v1_rom_shim.S.obj
LOAD CMakeFiles/animation.dir/home/fahim/pico/pico-sdk/src/rp2_common/pico_malloc/pico_malloc.c.obj
LOAD CMakeFiles/animation.dir/home/fahim/pico/pico-sdk/src/rp2_common/pico_mem_ops/mem_ops_aeabi.S.obj
LOAD CMakeFiles/animation.dir/home/fahim/pico/pico-sdk/src/rp2_common/pico_standard_link/crt0.S.obj
LOAD CMakeFiles/animation.dir/home/fahim/pico/pico-sdk/src/rp2_common/pico_standard_link/new_delete.cpp.obj
LOAD CMakeFiles/animation.dir/home/fahim/pico/pico-sdk/src/rp2_common/pico_standard_link/binary_info.c.obj
LOAD CMakeFiles/animation.dir/home/fahim/pico/pico-sdk/src/rp2_common/pico_stdio/stdio.c.obj
LOAD CMakeFiles/animation.dir/home/fahim/pico/pico-sdk/src/rp2_common/pico_stdio_uart/stdio_uart.c.obj
LOAD CMakeFiles/animation.dir/home/fahim/pico/pico-sdk/src/rp2_common/pico_multicore/multicore.c.obj
LOAD CMakeFiles/animation.dir/home/fahim/pico/pico-sdk/src/rp2_common/pico_bootsel_via_double_reset/pico_bootsel_via_double_reset.c.obj
LOAD CMakeFiles/animation.dir/home/fahim/pico/pico-sdk/src/rp2_common/hardware_pio/pio.c.obj
LOAD CMakeFiles/animation.dir/home/fahim/pico/pico-sdk/src/rp2_common/hardware_dma/dma.c.obj
LOAD CMakeFiles/animation.dir/home/fahim/pico/pico-sdk/src/rp2_common/hardware_adc/adc.c.obj
LOAD /tmp/ccm6xYky.o
LOAD /usr/lib/gcc/arm-none-eabi/10.3.1/../../../arm-none-eabi/lib/thumb/v6-m/nofp/libstdc++.a
LOAD /usr/lib/gcc/arm-none-eabi/10.3.1/../../../arm-none-eabi/lib/thumb/v6-m/nofp/libm.a
START GROUP
LOAD /usr/lib/gcc/arm-none-eabi/10.3.1/thumb/v6-m/nofp/libgcc.a
LOAD /usr/lib/gcc/arm-none-eabi/10.3.1/../../../arm-none-eabi/lib/thumb/v6-m/nofp/libc.a
END GROUP
START GROUP
LOAD /usr/lib/gcc/arm-none-eabi/10.3.1/thumb/v6-m/nofp/libgcc.a
LOAD /usr/lib/gcc/arm-none-eabi/10.3.1/../../../arm-none-eabi/lib/thumb/v6-m/nofp/libc.a
LOAD /usr/lib/gcc/arm-none-eabi/10.3.1/../../../arm-none-eabi/lib/thumb/v6-m/nofp/libnosys.a
END GROUP
LOAD /usr/lib/gcc/arm-none-eabi/10.3.1/thumb/v6-m/nofp/crtend.o
LOAD /usr/lib/gcc/arm-none-eabi/10.3.1/thumb/v6-m/nofp/crtn.o
OUTPUT(animation.elf elf32-littlearm)
LOAD linker stubs

.ARM.attributes
                0x0000000000000000       0x28
 .ARM.attributes
                0x0000000000000000       0x1e /usr/lib/gcc/arm-none-eabi/10.3.1/thumb/v6-m/nofp/crti.o
 .ARM.attributes
                0x000000000000001e       0x2c /usr/lib/gcc/arm-none-eabi/10.3.1/thumb/v6-m/nofp/crtbegin.o
 .ARM.attributes
                0x000000000000004a       0x2c CMakeFiles/animation.dir/animation.c.obj
 .ARM.attributes
                0x0000000000000076       0x2c CMakeFiles/animation.dir/vga_graphics.c.obj
 .ARM.attributes
                0x00000000000000a2       0x2c CMakeFiles/animation.dir/home/fahim/pico/pico-sdk/src/rp2_common/hardware_gpio/gpio.c.obj
 .ARM.attributes
                0x00000000000000ce       0x2c CMakeFiles/animation.dir/home/fahim/pico/pico-sdk/src/rp2_common/pico_platform/platform.c.obj
 .ARM.attributes
                0x00000000000000fa       0x2c CMakeFiles/animation.dir/home/fahim/pico/pico-sdk/src/rp2_common/hardware_claim/claim.c.obj
 .ARM.attributes
                0x0000000000000126       0x2c CMakeFiles/animation.dir/home/fahim/pico/pico-sdk/src/rp2_common/hardware_sync/sync.c.obj
 .ARM.attributes
                0x0000000000000152       0x2c CMakeFiles/animation.dir/home/fahim/pico/pico-sdk/src/rp2_common/hardware_irq/irq.c.obj
 .ARM.attributes
                0x000000000000017e       0x22 CMakeFiles/animation.dir/home/fahim/pico/pico-sdk/src/rp2_common/hardware_irq/irq_handler_chain.S.obj
 .ARM.attributes
                0x00000000000001a0       0x2c CMakeFiles/animation.dir/home/fahim/pico/pico-sdk/src/common/pico_sync/lock_core.c.obj
 .ARM.attributes
                0x00000000000001cc       0x2c CMakeFiles/animation.dir/home/fahim/pico/pico-sdk/src/common/pico_sync/mutex.c.obj
 .ARM.attributes
                0x00000000000001f8       0x2c CMakeFiles/animation.dir/home/fahim/pico/pico-sdk/src/common/pico_time/time.c.obj
 .ARM.attributes
                0x0000000000000224       0x2c CMakeFiles/animation.dir/home/fahim/pico/pico-sdk/src/rp2_common/hardware_timer/timer.c.obj
 .ARM.attributes
                0x0000000000000250       0x2c CMakeFiles/animation.dir/home/fahim/pico/pico-sdk/src/common/pico_util/pheap.c.obj
 .ARM.attributes
                0x000000000000027c       0x2c CMakeFiles/animation.dir/home/fahim/pico/pico-sdk/src/rp2_common/hardware_uart/uart.c.obj
 .ARM.attributes
                0x00000000000002a8       0x2c CMakeFiles/animation.dir/home/fahim/pico/pico-sdk/src/rp2_common/hardware_clocks/clocks.c.obj
 .ARM.attributes
                0x00000000000002d4       0x2c CMakeFiles/animation.dir/home/fahim/pico/pico-sdk/src/rp2_common/hardware_pll/pll.c.obj
 .ARM.attributes
                0x0000000000000300       0x2c CMakeFiles/animation.dir/home/fahim/pico/pico-sdk/src/rp2_common/hardware_watchdog/watchdog.c.obj
 .ARM.attributes
                0x000000000000032c       0x2c CMakeFiles/animation.dir/home/fahim/pico/pico-sdk/src/rp2_common/hardware_xosc/xosc.c.obj
 .ARM.attributes
                0x0000000000000358       0x2c CMakeFiles/animation.dir/home/fahim/pico/pico-sdk/src/rp2_common/pico_runtime/runtime.c.obj
 .ARM.attributes
                0x0000000000000384       0x2c CMakeFiles/animation.dir/home/fahim/pico/pico-sdk/src/rp2_common/pico_printf/printf.c.obj
 .ARM.attributes
                0x00000000000003b0       0x22 CMakeFiles/animation.dir/home/fahim/pico/pico-sdk/src/rp2_common/pico_bit_ops/bit_ops_aeabi.S.obj
 .ARM.attributes
                0x00000000000003d2       0x2c CMakeFiles/animation.dir/home/fahim/pico/pico-sdk/src/rp2_common/pico_bootrom/bootrom.c.obj
 .ARM.attributes
                0x00000000000003fe       0x22 CMakeFiles/animation.dir/home/fahim/pico/pico-sdk/src/rp2_common/pico_divider/divider.S.obj
 .ARM.attributes
                0x0000000000000420       0x22 CMakeFiles/animation.dir/home/fahim/pico/pico-sdk/src/rp2_common/pico_double/double_aeabi.S.obj
 .ARM.attributes
                0x0000000000000442       0x2c CMakeFiles/animation.dir/home/fahim/pico/pico-sdk/src/rp2_common/pico_double/double_init_rom.c.obj
 .ARM.attributes
                0x000000000000046e       0x22 CMakeFiles/animation.dir/home/fahim/pico/pico-sdk/src/rp2_common/pico_double/double_v1_rom_shim.S.obj
 .ARM.attributes
                0x0000000000000490       0x22 CMakeFiles/animation.dir/home/fahim/pico/pico-sdk/src/rp2_common/pico_float/float_aeabi.S.obj
 .ARM.attributes
                0x00000000000004b2       0x2c CMakeFiles/animation.dir/home/fahim/pico/pico-sdk/src/rp2_common/pico_float/float_init_rom.c.obj
 .ARM.attributes
                0x00000000000004de       0x22 CMakeFiles/animation.dir/home/fahim/pico/pico-sdk/src/rp2_common/pico_float/float_v1_rom_shim.S.obj
 .ARM.attributes
                0x0000000000000500       0x2c CMakeFiles/animation.dir/home/fahim/pico/pico-sdk/src/rp2_common/pico_malloc/pico_malloc.c.obj
 .ARM.attributes
                0x000000000000052c       0x22 CMakeFiles/animation.dir/home/fahim/pico/pico-sdk/src/rp2_common/pico_mem_ops/mem_ops_aeabi.S.obj
 .ARM.attributes
                0x000000000000054e       0x22 CMakeFiles/animation.dir/home/fahim/pico/pico-sdk/src/rp2_common/pico_standard_link/crt0.S.obj
 .ARM.attributes
                0x0000000000000570       0x32 CMakeFiles/animation.dir/home/fahim/pico/pico-sdk/src/rp2_common/pico_standard_link/binary_info.c.obj
 .ARM.attributes
                0x00000000000005a2       0x2c CMakeFiles/animation.dir/home/fahim/pico/pico-sdk/src/rp2_common/pico_stdio/stdio.c.obj
 .ARM.attributes
                0x00000000000005ce       0x2c CMakeFiles/animation.dir/home/fahim/pico/pico-sdk/src/rp2_common/pico_stdio_uart/stdio_uart.c.obj
 .ARM.attributes
                0x00000000000005fa       0x2c CMakeFiles/animation.dir/home/fahim/pico/pico-sdk/src/rp2_common/pico_multicore/multicore.c.obj
 .ARM.attributes
                0x0000000000000626       0x2c CMakeFiles/animation.dir/home/fahim/pico/pico-sdk/src/rp2_common/pico_bootsel_via_double_reset/pico_bootsel_via_double_reset.c.obj
 .ARM.attributes
                0x0000000000000652       0x2c CMakeFiles/animation.dir/home/fahim/pico/pico-sdk/src/rp2_common/hardware_pio/pio.c.obj
 .ARM.attributes
                0x000000000000067e       0x22 /tmp/ccm6xYky.o
 .ARM.attributes
                0x00000000000006a0       0x1e /usr/lib/gcc/arm-none-eabi/10.3.1/thumb/v6-m/nofp/libgcc.a(_dvmd_tls.o)
 .ARM.attributes
                0x00000000000006be       0x2c /usr/lib/gcc/arm-none-eabi/10.3.1/../../../arm-none-eabi/lib/thumb/v6-m/nofp/libc.a(lib_a-strlen-stub.o)
 .ARM.attributes
                0x00000000000006ea       0x2c /usr/lib/gcc/arm-none-eabi/10.3.1/thumb/v6-m/nofp/crtend.o

.comment        0x0000000000000000       0x33
 .comment       0x0000000000000000       0x33 /usr/lib/gcc/arm-none-eabi/10.3.1/thumb/v6-m/nofp/crtbegin.o
                                         0x34 (size before relaxing)
 .comment       0x0000000000000033       0x34 CMakeFiles/animation.dir/animation.c.obj
 .comment       0x0000000000000033       0x34 CMakeFiles/animation.dir/vga_graphics.c.obj
 .comment       0x0000000000000033       0x34 CMakeFiles/animation.dir/home/fahim/pico/pico-sdk/src/rp2_common/hardware_gpio/gpio.c.obj
 .comment       0x0000000000000033       0x34 CMakeFiles/animation.dir/home/fahim/pico/pico-sdk/src/rp2_common/pico_platform/platform.c.obj
 .comment       0x0000000000000033       0x34 CMakeFiles/animation.dir/home/fahim/pico/pico-sdk/src/rp2_common/hardware_claim/claim.c.obj
 .comment       0x0000000000000033       0x34 CMakeFiles/animation.dir/home/fahim/pico/pico-sdk/src/rp2_common/hardware_sync/sync.c.obj
 .comment       0x0000000000000033       0x34 CMakeFiles/animation.dir/home/fahim/pico/pico-sdk/src/rp2_common/hardware_irq/irq.c.obj
 .comment       0x0000000000000033       0x34 CMakeFiles/animation.dir/home/fahim/pico/pico-sdk/src/common/pico_sync/lock_core.c.obj
 .comment       0x0000000000000033       0x34 CMakeFiles/animation.dir/home/fahim/pico/pico-sdk/src/common/pico_sync/mutex.c.obj
 .comment       0x0000000000000033       0x34 CMakeFiles/animation.dir/home/fahim/pico/pico-sdk/src/common/pico_time/time.c.obj
 .comment       0x0000000000000033       0x34 CMakeFiles/animation.dir/home/fahim/pico/pico-sdk/src/rp2_common/hardware_timer/timer.c.obj
 .comment       0x0000000000000033       0x34 CMakeFiles/animation.dir/home/fahim/pico/pico-sdk/src/common/pico_util/pheap.c.obj
 .comment       0x0000000000000033       0x34 CMakeFiles/animation.dir/home/fahim/pico/pico-sdk/src/rp2_common/hardware_uart/uart.c.obj
 .comment       0x0000000000000033       0x34 CMakeFiles/animation.dir/home/fahim/pico/pico-sdk/src/rp2_common/hardware_clocks/clocks.c.obj
 .comment       0x0000000000000033       0x34 CMakeFiles/animation.dir/home/fahim/pico/pico-sdk/src/rp2_common/hardware_pll/pll.c.obj
 .comment       0x0000000000000033       0x34 CMakeFiles/animation.dir/home/fahim/pico/pico-sdk/src/rp2_common/hardware_watchdog/watchdog.c.obj
 .comment       0x0000000000000033       0x34 CMakeFiles/animation.dir/home/fahim/pico/pico-sdk/src/rp2_common/hardware_xosc/xosc.c.obj
 .comment       0x0000000000000033       0x34 CMakeFiles/animation.dir/home/fahim/pico/pico-sdk/src/rp2_common/pico_runtime/runtime.c.obj
 .comment       0x0000000000000033       0x34 CMakeFiles/animation.dir/home/fahim/pico/pico-sdk/src/rp2_common/pico_printf/printf.c.obj
 .comment       0x0000000000000033       0x34 CMakeFiles/animation.dir/home/fahim/pico/pico-sdk/src/rp2_common/pico_bootrom/bootrom.c.obj
 .comment       0x0000000000000033       0x34 CMakeFiles/animation.dir/home/fahim/pico/pico-sdk/src/rp2_common/pico_double/double_init_rom.c.obj
 .comment       0x0000000000000033       0x34 CMakeFiles/animation.dir/home/fahim/pico/pico-sdk/src/rp2_common/pico_float/float_init_rom.c.obj
 .comment       0x0000000000000033       0x34 CMakeFiles/animation.dir/home/fahim/pico/pico-sdk/src/rp2_common/pico_malloc/pico_malloc.c.obj
 .comment       0x0000000000000033       0x34 CMakeFiles/animation.dir/home/fahim/pico/pico-sdk/src/rp2_common/pico_standard_link/binary_info.c.obj
 .comment       0x0000000000000033       0x34 CMakeFiles/animation.dir/home/fahim/pico/pico-sdk/src/rp2_common/pico_stdio/stdio.c.obj
 .comment       0x0000000000000033       0x34 CMakeFiles/animation.dir/home/fahim/pico/pico-sdk/src/rp2_common/pico_stdio_uart/stdio_uart.c.obj
 .comment       0x0000000000000033       0x34 CMakeFiles/animation.dir/home/fahim/pico/pico-sdk/src/rp2_common/pico_multicore/multicore.c.obj
 .comment       0x0000000000000033       0x34 CMakeFiles/animation.dir/home/fahim/pico/pico-sdk/src/rp2_common/pico_bootsel_via_double_reset/pico_bootsel_via_double_reset.c.obj
 .comment       0x0000000000000033       0x34 CMakeFiles/animation.dir/home/fahim/pico/pico-sdk/src/rp2_common/hardware_pio/pio.c.obj
 .comment       0x0000000000000033       0x34 /usr/lib/gcc/arm-none-eabi/10.3.1/../../../arm-none-eabi/lib/thumb/v6-m/nofp/libc.a(lib_a-strlen-stub.o)
 .comment       0x0000000000000033       0x34 /usr/lib/gcc/arm-none-eabi/10.3.1/thumb/v6-m/nofp/crtend.o

.debug_line     0x0000000000000000      0x1d2
 .debug_line    0x0000000000000000       0x60 /usr/lib/gcc/arm-none-eabi/10.3.1/thumb/v6-m/nofp/libgcc.a(_dvmd_tls.o)
 .debug_line    0x0000000000000060      0x172 /usr/lib/gcc/arm-none-eabi/10.3.1/../../../arm-none-eabi/lib/thumb/v6-m/nofp/libc.a(lib_a-strlen-stub.o)

.debug_info     0x0000000000000000      0x114
 .debug_info    0x0000000000000000       0x26 /usr/lib/gcc/arm-none-eabi/10.3.1/thumb/v6-m/nofp/libgcc.a(_dvmd_tls.o)
 .debug_info    0x0000000000000026       0xee /usr/lib/gcc/arm-none-eabi/10.3.1/../../../arm-none-eabi/lib/thumb/v6-m/nofp/libc.a(lib_a-strlen-stub.o)

.debug_abbrev   0x0000000000000000       0xa3
 .debug_abbrev  0x0000000000000000       0x14 /usr/lib/gcc/arm-none-eabi/10.3.1/thumb/v6-m/nofp/libgcc.a(_dvmd_tls.o)
 .debug_abbrev  0x0000000000000014       0x8f /usr/lib/gcc/arm-none-eabi/10.3.1/../../../arm-none-eabi/lib/thumb/v6-m/nofp/libc.a(lib_a-strlen-stub.o)

.debug_aranges  0x0000000000000000       0x40
 .debug_aranges
                0x0000000000000000       0x20 /usr/lib/gcc/arm-none-eabi/10.3.1/thumb/v6-m/nofp/libgcc.a(_dvmd_tls.o)
 .debug_aranges
                0x0000000000000020       0x20 /usr/lib/gcc/arm-none-eabi/10.3.1/../../../arm-none-eabi/lib/thumb/v6-m/nofp/libc.a(lib_a-strlen-stub.o)

.debug_str      0x0000000000000000      0x232
 .debug_str     0x0000000000000000       0xa6 /usr/lib/gcc/arm-none-eabi/10.3.1/thumb/v6-m/nofp/libgcc.a(_dvmd_tls.o)
 .debug_str     0x00000000000000a6      0x18c /usr/lib/gcc/arm-none-eabi/10.3.1/../../../arm-none-eabi/lib/thumb/v6-m/nofp/libc.a(lib_a-strlen-stub.o)
                                        0x1c5 (size before relaxing)

.debug_loc      0x0000000000000000       0x90
 .debug_loc     0x0000000000000000       0x90 /usr/lib/gcc/arm-none-eabi/10.3.1/../../../arm-none-eabi/lib/thumb/v6-m/nofp/libc.a(lib_a-strlen-stub.o)

.debug_frame    0x0000000000000000       0x28
 .debug_frame   0x0000000000000000       0x28 /usr/lib/gcc/arm-none-eabi/10.3.1/../../../arm-none-eabi/lib/thumb/v6-m/nofp/libc.a(lib_a-strlen-stub.o)
